<html>
<body>
<pre>
<h1>µVision Build Log</h1>
<h2>Tool Versions:</h2>
IDE-Version: µVision V5.13.0.0
Copyright (C) 2014 ARM Ltd and ARM Germany GmbH. All rights reserved.
License Information: Vasileios Bimpikas, Uppsala Universitet, LIC=----
 
Tool Versions:
Toolchain:       MDK-Lite  Version: 5.13.0.0
Toolchain Path:  C:\Keil_v5\ARM\ARMCC\Bin
C Compiler:      Armcc.exe V5.05 update 1 (build 106)
Assembler:       Armasm.exe V5.05 update 1 (build 106)
Linker/Locator:  ArmLink.exe V5.05 update 1 (build 106)
Library Manager: ArmAr.exe V5.05 update 1 (build 106)
Hex Converter:   FromElf.exe V5.05 update 1 (build 106)
CPU DLL:         SARMCM3.DLL V5.13.0.0
Dialog DLL:      DARMSTM.DLL V1.65.0.0
Target DLL:      UL2CM3.DLL V1.154.12.0
Dialog DLL:      TARMSTM.DLL V1.64.0.0
 
<h2>Project:</h2>
C:\Users\Vassilis\Dropbox\Uppsala Universitet\Programming Embedded Systems\Lab\elevator-lab\elevator-lab\lab_env.uvproj
Project File Date:  03/30/2015

<h2>Output:</h2>
Build target 'Target 1'
compiling planner.c...
planner.c(57): warning:  #177-D: variable "OLDdestination" was declared but never referenced
        int destination, OLDdestination, interm_FLG = false, count = 0;
planner.c(57): warning:  #177-D: variable "interm_FLG" was declared but never referenced
        int destination, OLDdestination, interm_FLG = false, count = 0;
planner.c(58): warning:  #177-D: variable "door" was declared but never referenced
        bool status[9] = {false}, reached = true, doors, door, at_floor, swap_FLG = false;
planner.c(58): warning:  #550-D: variable "at_floor" was set but never used
        bool status[9] = {false}, reached = true, doors, door, at_floor, swap_FLG = false;
planner.c(58): warning:  #177-D: variable "swap_FLG" was declared but never referenced
        bool status[9] = {false}, reached = true, doors, door, at_floor, swap_FLG = false;
planner.c: 5 warnings, 0 errors
linking...
Program Size: Code=16024 RO-data=304 RW-data=240 ZI-data=18208  
".\stm32_exec.axf" - 0 Error(s), 5 Warning(s).
</pre>
</body>
</html>
